error[E0507]: cannot move out of `a`, a captured variable in an `FnMut` closure
  --> $DIR/move-captured-variable.rs:10:9
   |
8  |       let a = String::new();
   |           - captured outer variable
9  |       foo(|| {
10 | /         async_stream_block! { //~ ERROR cannot move out of `a`, a captured variable in an `FnMut` closure
11 | |             yield a
   | |                   -
   | |                   |
   | |                   move occurs because `a` has type `std::string::String`, which does not implement the `Copy` trait
   | |                   move occurs due to use in generator
12 | |         };
   | |__________^ move out of `a` occurs here
   |
   = note: this error originates in a macro (in Nightly builds, run with -Z macro-backtrace for more info)
